
################################################################################
#
# This file has been generated by SpyGlass:
#     Report Name      : moresimple
#     Report Created by: eda
#     Report Created on:  Tue Aug 25 23:49:03 2026
#     Working Directory: /tmp/wcf_g3_lint
#     SpyGlass Version : SpyGlass_vX-2025.06
#     Policy Name      : SpyGlass(SpyGlass_vX-2025.06)
#                        clock-reset(SpyGlass_vX-2025.06)
#                        erc(SpyGlass_vX-2025.06)
#                        latch(SpyGlass_vX-2025.06)
#                        lint(SpyGlass_vX-2025.06)
#                        morelint(SpyGlass_vX-2025.06)
#                        openmore(SpyGlass_vX-2025.06)
#                        power_est(SpyGlass_vX-2025.06)
#                        simulation(SpyGlass_vX-2025.06)
#                        starc(SpyGlass_vX-2025.06)
#                        starc2005(SpyGlass_vX-2025.06)
#
#     Total Number of Generated Messages :          8
#     Number of Waived Messages          :          0
#     Number of Reported Messages        :          8
#     Number of Overlimit Messages       :          0
#
#
################################################################################

+++++++++++++++++++++++++++++++++++++++++++++++++++++++++++++++++++++++
MORESIMPLE REPORT:


############### BuiltIn -> RuleGroup=Design Read ###############
+++++++++++++++++++++++++++++++++++++++++++++++++++++++++++++++++++++++++++++++++++++++
ID       Rule                    Alias                   Severity    File                                                                                                                                                                         Line    Wt    Message
======================================================================================
[1]      DetectTopDesignUnits    DetectTopDesignUnits    Info        /home/eda/workspace/aixsilicon_workflow/repos/aixsilicon_cbb_repo/components/fifo_queue_buffer/width_conversion_fifo/rtl/impl/impl_pointer_count/width_conversion_fifo.sv    16      2     Module width_conversion_fifo is a top level design unit
[0]      ElabSummary             ElabSummary             Info        ./wcf/width_conversion_fifo/lint/lint_rtl/spyglass_reports/SpyGlass/elab_summary.rpt                                                                                         0       2     Please refer file './wcf/width_conversion_fifo/lint/lint_rtl/spyglass_reports/SpyGlass/elab_summary.rpt' for elab summary report
+++++++++++++++++++++++++++++++++++++++++++++++++++++++++++++++++++++++++++++++++++++++


############### Non-BuiltIn -> Goal=lint/lint_rtl ###############
+++++++++++++++++++++++++++++++++++++++++++++++++++++++++++++++++++++++++++++++++++++++
ID       Rule               Alias                 Severity    File                                                                                                                                                                         Line    Wt    Message
======================================================================================
[13]     STARC05-1.3.1.3    AsyncResetOtherUse    Warning     /home/eda/workspace/aixsilicon_workflow/repos/aixsilicon_cbb_repo/components/fifo_queue_buffer/width_conversion_fifo/rtl/impl/impl_pointer_count/width_conversion_fifo.sv    124     10    Asynchronous reset signal 'width_conversion_fifo.rst_n' (flop: 'width_conversion_fifo.wr_ptr[0]') used as non-reset/synchronous-reset at instance 'width_conversion_fifo.\mem_reg[7][0] .EN' (File Name: '/home/eda/workspace/aixsilicon_workflow/repos/aixsilicon_cbb_repo/components/fifo_queue_buffer/width_conversion_fifo/rtl/impl/impl_pointer_count/width_conversion_fifo.sv' ,Line no.: '124')
[5]      W240                                     Warning     /home/eda/workspace/aixsilicon_workflow/repos/aixsilicon_cbb_repo/components/fifo_queue_buffer/width_conversion_fifo/rtl/impl/impl_pointer_count/width_conversion_fifo.sv    29      10    Input 'wide_in_data[31:0]' declared but not read.[Hierarchy: ':width_conversion_fifo']
[4]      W240                                     Warning     /home/eda/workspace/aixsilicon_workflow/repos/aixsilicon_cbb_repo/components/fifo_queue_buffer/width_conversion_fifo/rtl/impl/impl_pointer_count/width_conversion_fifo.sv    30      10    Input 'wide_in_valid' declared but not read.[Hierarchy: ':width_conversion_fifo']
[2]      W240                                     Warning     /home/eda/workspace/aixsilicon_workflow/repos/aixsilicon_cbb_repo/components/fifo_queue_buffer/width_conversion_fifo/rtl/impl/impl_pointer_count/width_conversion_fifo.sv    36      10    Input 'narrow_out_ready' declared but not read.[Hierarchy: ':width_conversion_fifo']
[6]      W528                                     Warning     /home/eda/workspace/aixsilicon_workflow/repos/aixsilicon_cbb_repo/components/fifo_queue_buffer/width_conversion_fifo/rtl/impl/impl_pointer_count/width_conversion_fifo.sv    102     10    Variable 'empty' set but not read.[Hierarchy: ':width_conversion_fifo']
[3]      W240                                     Info        ./wcf/width_conversion_fifo/lint/lint_rtl/spyglass_reports/lint/SignalUsageReport.rpt                                                                                        0       10    Please refer to 'SignalUsageReport.rpt' for details of violating bits
+++++++++++++++++++++++++++++++++++++++++++++++++++++++++++++++++++++++++++++++++++++++
