 
****************************************
Report : timing
        -path full
        -delay max
        -max_paths 1
Design : popcount_impl_colcmp_INPUT_WIDTH32
Version: V-2023.12-SP3
Date   : Thu Aug 27 06:20:44 2026
****************************************

Operating Conditions: tt_nominal_max_1p00v_25c   Library: sc9_cmos28lp_base_hvt_tt_nominal_max_1p00v_25c
Wire Load Model Mode: top

  Startpoint: data_i[28] (input port clocked by vclk)
  Endpoint: cnt_o[5] (output port clocked by vclk)
  Path Group: vclk
  Path Type: max

  Des/Clust/Port     Wire Load Model       Library
  ------------------------------------------------
  popcount_impl_colcmp_INPUT_WIDTH32
                     Small                 sc9_cmos28lp_base_hvt_tt_nominal_max_1p00v_25c

  Point                                    Incr       Path
  -----------------------------------------------------------
  clock vclk (rise edge)                   0.00       0.00
  clock network delay (ideal)              0.00       0.00
  input external delay                     0.50       0.50 r
  data_i[28] (in)                          0.02       0.52 r
  U1646/Y (NAND2_X1P4B_A9TH)               0.04       0.56 f
  U1838/Y (NAND2_X4B_A9TH)                 0.04       0.60 r
  U1628/Y (NAND2_X1B_A9TH)                 0.04       0.64 f
  U1724/Y (NAND2_X3B_A9TH)                 0.04       0.68 r
  U1860/Y (XOR2_X4M_A9TH)                  0.04       0.72 r
  U1865/SUM (ADDFH_X2M_A9TH)               0.11       0.82 f
  U1864/SUM (ADDFH_X2M_A9TH)               0.12       0.94 r
  U1815/Y (NOR2_X6M_A9TH)                  0.04       0.98 f
  U1618/Y (INV_X3M_A9TH)                   0.03       1.00 r
  U1617/Y (NAND2_X2M_A9TH)                 0.03       1.03 f
  U1738/Y (XNOR2_X4M_A9TH)                 0.04       1.08 f
  U1688/Y (INV_X6M_A9TH)                   0.03       1.11 r
  U1609/Y (XNOR2_X3M_A9TH)                 0.06       1.17 r
  U1794/Y (NAND2_X4B_A9TH)                 0.05       1.21 f
  U1749/Y (NAND3_X6A_A9TH)                 0.04       1.25 r
  U1602/Y (NAND2_X3B_A9TH)                 0.03       1.28 f
  U1710/Y (INV_X6M_A9TH)                   0.02       1.30 r
  U1820/Y (NAND2_X8B_A9TH)                 0.02       1.33 f
  U1592/Y (BUFH_X3M_A9TH)                  0.04       1.37 f
  U1709/Y (INV_X3M_A9TH)                   0.03       1.40 r
  U1813/Y (MXIT2_X4M_A9TH)                 0.04       1.44 r
  U1782/Y (XNOR2_X4M_A9TH)                 0.07       1.51 r
  U1659/Y (INV_X7P5M_A9TH)                 0.05       1.56 f
  U1572/Y (BUFH_X4M_A9TH)                  0.04       1.60 f
  U1790/Y (NAND2_X4B_A9TH)                 0.02       1.62 r
  U1787/Y (AOI22_X4M_A9TH)                 0.03       1.65 f
  U1704/Y (AOI22_X6M_A9TH)                 0.05       1.70 r
  U1779/Y (XOR2_X4M_A9TH)                  0.04       1.75 r
  U1778/Y (XOR2_X4M_A9TH)                  0.07       1.82 r
  U1564/Y (NAND2_X2M_A9TH)                 0.04       1.86 f
  U1830/Y (OAI31_X6M_A9TH)                 0.04       1.90 r
  U1822/Y (AOI21_X8M_A9TH)                 0.04       1.93 f
  U1562/Y (NOR2_X4M_A9TH)                  0.06       2.00 r
  cnt_o[5] (out)                           0.00       2.00 r
  data arrival time                                   2.00

  clock vclk (rise edge)                   2.50       2.50
  clock network delay (ideal)              0.00       2.50
  output external delay                   -0.50       2.00
  data required time                                  2.00
  -----------------------------------------------------------
  data required time                                  2.00
  data arrival time                                  -2.00
  -----------------------------------------------------------
  slack (MET)                                         0.00


1
