 
****************************************
Report : timing
        -path full
        -delay max
        -max_paths 1
Design : popcount_impl_colcmp_INPUT_WIDTH16
Version: V-2023.12-SP3
Date   : Thu Aug 27 05:27:11 2026
****************************************

Operating Conditions: tt_nominal_max_1p00v_25c   Library: sc9_cmos28lp_base_hvt_tt_nominal_max_1p00v_25c
Wire Load Model Mode: top

  Startpoint: data_i[11] (input port clocked by vclk)
  Endpoint: cnt_o[2] (output port clocked by vclk)
  Path Group: vclk
  Path Type: max

  Des/Clust/Port     Wire Load Model       Library
  ------------------------------------------------
  popcount_impl_colcmp_INPUT_WIDTH16
                     Small                 sc9_cmos28lp_base_hvt_tt_nominal_max_1p00v_25c

  Point                                    Incr       Path
  -----------------------------------------------------------
  clock vclk (rise edge)                   0.00       0.00
  clock network delay (ideal)              0.00       0.00
  input external delay                     0.50       0.50 r
  data_i[11] (in)                          0.01       0.51 r
  U1552/Y (XOR2_X1M_A9TH)                  0.07       0.58 r
  U1551/S (ADDF_X1M_A9TH)                  0.14       0.71 f
  U1554/Y (NOR2_X1A_A9TH)                  0.08       0.79 r
  U1478/Y (OA21_X2M_A9TH)                  0.10       0.89 r
  U1531/Y (OAI21_X6M_A9TH)                 0.04       0.94 f
  U1530/Y (AOI21_X3M_A9TH)                 0.05       0.99 r
  U1567/Y (XOR2_X4M_A9TH)                  0.05       1.04 r
  U1526/Y (INV_X3M_A9TH)                   0.04       1.08 f
  U1493/Y (NOR2_X4A_A9TH)                  0.04       1.12 r
  U1539/Y (NOR2_X2A_A9TH)                  0.03       1.15 f
  U1538/Y (INV_X2M_A9TH)                   0.03       1.18 r
  U1550/Y (NAND2_X1B_A9TH)                 0.05       1.23 f
  U1544/Y (INV_X1M_A9TH)                   0.04       1.27 r
  U1504/Y (NAND2_X2B_A9TH)                 0.03       1.31 f
  U1487/Y (AOI21_X2M_A9TH)                 0.05       1.36 r
  U1484/Y (XOR2_X1M_A9TH)                  0.06       1.42 r
  U1503/Y (XNOR2_X2M_A9TH)                 0.09       1.51 r
  U1485/Y (XNOR2_X2M_A9TH)                 0.09       1.60 r
  U1513/Y (INV_X2M_A9TH)                   0.04       1.64 f
  U1501/Y (NOR2_X3A_A9TH)                  0.05       1.69 r
  U1499/Y (OR2_X1P4M_A9TH)                 0.07       1.76 r
  U1510/CO (ADDF_X2M_A9TH)                 0.07       1.83 r
  U1468/Y (XNOR2_X1M_A9TH)                 0.17       2.00 r
  cnt_o[2] (out)                           0.00       2.00 r
  data arrival time                                   2.00

  clock vclk (rise edge)                   2.50       2.50
  clock network delay (ideal)              0.00       2.50
  output external delay                   -0.50       2.00
  data required time                                  2.00
  -----------------------------------------------------------
  data required time                                  2.00
  data arrival time                                  -2.00
  -----------------------------------------------------------
  slack (MET)                                         0.00


1
