 
****************************************
Report : timing
        -path full
        -delay max
        -max_paths 1
Design : popcount_impl_lookup_INPUT_WIDTH8
Version: V-2023.12-SP3
Date   : Thu Aug 27 05:45:47 2026
****************************************

Operating Conditions: tt_nominal_max_1p00v_25c   Library: sc9_cmos28lp_base_hvt_tt_nominal_max_1p00v_25c
Wire Load Model Mode: top

  Startpoint: data_i[0] (input port clocked by vclk)
  Endpoint: cnt_o[2] (output port clocked by vclk)
  Path Group: vclk
  Path Type: max

  Des/Clust/Port     Wire Load Model       Library
  ------------------------------------------------
  popcount_impl_lookup_INPUT_WIDTH8
                     Small                 sc9_cmos28lp_base_hvt_tt_nominal_max_1p00v_25c

  Point                                    Incr       Path
  -----------------------------------------------------------
  clock vclk (rise edge)                   0.00       0.00
  clock network delay (ideal)              0.00       0.00
  input external delay                     0.50       0.50 f
  data_i[0] (in)                           0.01       0.51 f
  U17/S (ADDF_X1M_A9TH)                    0.12       0.63 f
  U16/CO (ADDF_X1M_A9TH)                   0.10       0.73 f
  U20/S (ADDF_X1M_A9TH)                    0.14       0.87 r
  U13/Y (NAND3_X1M_A9TH)                   0.08       0.95 f
  U21/Y (NOR2_X1A_A9TH)                    0.23       1.18 r
  U22/Y (AOI21_X0P7M_A9TH)                 0.29       1.47 f
  cnt_o[2] (out)                           0.00       1.47 f
  data arrival time                                   1.47

  clock vclk (rise edge)                   2.50       2.50
  clock network delay (ideal)              0.00       2.50
  output external delay                   -0.50       2.00
  data required time                                  2.00
  -----------------------------------------------------------
  data required time                                  2.00
  data arrival time                                  -1.47
  -----------------------------------------------------------
  slack (MET)                                         0.53


1
