 
****************************************
Report : timing
        -path full
        -delay max
        -max_paths 1
Design : popcount_impl_tree_INPUT_WIDTH128
Version: V-2023.12-SP3
Date   : Thu Aug 27 05:26:38 2026
****************************************

Operating Conditions: tt_nominal_max_1p00v_25c   Library: sc9_cmos28lp_base_hvt_tt_nominal_max_1p00v_25c
Wire Load Model Mode: top

  Startpoint: data_i[23] (input port clocked by vclk)
  Endpoint: cnt_o[6] (output port clocked by vclk)
  Path Group: vclk
  Path Type: max

  Des/Clust/Port     Wire Load Model       Library
  ------------------------------------------------
  popcount_impl_tree_INPUT_WIDTH128
                     Small                 sc9_cmos28lp_base_hvt_tt_nominal_max_1p00v_25c

  Point                                    Incr       Path
  -----------------------------------------------------------
  clock vclk (rise edge)                   0.00       0.00
  clock network delay (ideal)              0.00       0.00
  input external delay                     0.50       0.50 r
  data_i[23] (in)                          0.01       0.51 r
  U33/CO (ADDF_X1M_A9TH)                   0.08       0.59 r
  U4/CO (ADDF_X1M_A9TH)                    0.08       0.67 r
  U7/Y (INV_X1M_A9TH)                      0.03       0.71 f
  U2/Y (NOR2_X1A_A9TH)                     0.09       0.79 r
  U17/Y (AOI21_X1M_A9TH)                   0.09       0.89 f
  intadd_14/U3/S (ADDF_X1M_A9TH)           0.16       1.05 r
  intadd_15/U3/S (ADDF_X1M_A9TH)           0.13       1.18 f
  intadd_16/U3/CO (ADDF_X1M_A9TH)          0.11       1.28 f
  intadd_16/U2/S (ADDF_X1M_A9TH)           0.14       1.42 r
  intadd_11/U4/CO (ADDF_X1M_A9TH)          0.09       1.51 r
  intadd_11/U3/CO (ADDF_X1M_A9TH)          0.09       1.60 r
  intadd_11/U2/CO (ADDF_X1M_A9TH)          0.08       1.68 r
  U5/Y (INV_X1M_A9TH)                      0.04       1.72 f
  U3/Y (NOR2_X2A_A9TH)                     0.12       1.83 r
  U1/Y (AOI21_X2M_A9TH)                    0.13       1.96 f
  cnt_o[6] (out)                           0.00       1.96 f
  data arrival time                                   1.96

  clock vclk (rise edge)                   2.50       2.50
  clock network delay (ideal)              0.00       2.50
  output external delay                   -0.50       2.00
  data required time                                  2.00
  -----------------------------------------------------------
  data required time                                  2.00
  data arrival time                                  -1.96
  -----------------------------------------------------------
  slack (MET)                                         0.04


1
