 
****************************************
Report : timing
        -path full
        -delay max
        -max_paths 1
Design : popcount_impl_tree_INPUT_WIDTH64
Version: V-2023.12-SP3
Date   : Thu Aug 27 05:26:30 2026
****************************************

Operating Conditions: tt_nominal_max_1p00v_25c   Library: sc9_cmos28lp_base_hvt_tt_nominal_max_1p00v_25c
Wire Load Model Mode: top

  Startpoint: data_i[4] (input port clocked by vclk)
  Endpoint: cnt_o[5] (output port clocked by vclk)
  Path Group: vclk
  Path Type: max

  Des/Clust/Port     Wire Load Model       Library
  ------------------------------------------------
  popcount_impl_tree_INPUT_WIDTH64
                     Small                 sc9_cmos28lp_base_hvt_tt_nominal_max_1p00v_25c

  Point                                    Incr       Path
  -----------------------------------------------------------
  clock vclk (rise edge)                   0.00       0.00
  clock network delay (ideal)              0.00       0.00
  input external delay                     0.50       0.50 r
  data_i[4] (in)                           0.01       0.51 r
  U7/Y (XNOR2_X0P5M_A9TH)                  0.09       0.60 r
  U6/Y (XNOR2_X0P5M_A9TH)                  0.14       0.75 r
  intadd_7/U4/S (ADDF_X1M_A9TH)            0.16       0.90 r
  U48/CO (ADDF_X1M_A9TH)                   0.10       1.00 r
  U9/Y (XNOR2_X0P5M_A9TH)                  0.10       1.10 r
  U2/Y (XNOR2_X0P7M_A9TH)                  0.12       1.22 r
  U56/CO (ADDF_X1M_A9TH)                   0.11       1.33 r
  U55/CO (ADDF_X1M_A9TH)                   0.09       1.42 r
  intadd_4/U3/CO (ADDF_X1M_A9TH)           0.09       1.50 r
  U54/CO (ADDF_X1M_A9TH)                   0.08       1.58 r
  U11/Y (INV_X1M_A9TH)                     0.04       1.62 f
  U1/Y (NOR2_X2A_A9TH)                     0.11       1.73 r
  U21/Y (AOI21_X1M_A9TH)                   0.18       1.91 f
  cnt_o[5] (out)                           0.00       1.91 f
  data arrival time                                   1.91

  clock vclk (rise edge)                   2.50       2.50
  clock network delay (ideal)              0.00       2.50
  output external delay                   -0.50       2.00
  data required time                                  2.00
  -----------------------------------------------------------
  data required time                                  2.00
  data arrival time                                  -1.91
  -----------------------------------------------------------
  slack (MET)                                         0.09


1
