 
****************************************
Report : timing
        -path full
        -delay max
        -max_paths 1
Design : popcount_impl_colcmp_INPUT_WIDTH128
Version: V-2023.12-SP3
Date   : Thu Aug 27 09:43:27 2026
****************************************

Operating Conditions: tt_nominal_max_1p00v_25c   Library: sc9_cmos28lp_base_hvt_tt_nominal_max_1p00v_25c
Wire Load Model Mode: top

  Startpoint: data_i[39] (input port clocked by vclk)
  Endpoint: cnt_o[5] (output port clocked by vclk)
  Path Group: vclk
  Path Type: max

  Des/Clust/Port     Wire Load Model       Library
  ------------------------------------------------
  popcount_impl_colcmp_INPUT_WIDTH128
                     Small                 sc9_cmos28lp_base_hvt_tt_nominal_max_1p00v_25c

  Point                                    Incr       Path
  -----------------------------------------------------------
  clock vclk (rise edge)                   0.00       0.00
  clock network delay (ideal)              0.00       0.00
  input external delay                     0.50       0.50 r
  data_i[39] (in)                          0.02       0.52 r
  U1948/Y (XOR2_X4M_A9TH)                  0.06       0.58 r
  U1787/Y (XNOR2_X4M_A9TH)                 0.06       0.64 r
  U1784/Y (NAND2_X2M_A9TH)                 0.05       0.69 f
  U1783/Y (NAND2_X4B_A9TH)                 0.04       0.72 r
  U1862/Y (XOR2_X4M_A9TH)                  0.05       0.78 r
  U1861/Y (XNOR2_X4M_A9TH)                 0.06       0.84 r
  U1839/Y (XOR2_X4M_A9TH)                  0.06       0.90 r
  U1639/Y (XOR2_X4M_A9TH)                  0.06       0.95 r
  U1841/CO (CGEN_X2M_A9TH)                 0.08       1.04 r
  U1608/CON (CGENI_X2M_A9TH)               0.04       1.08 f
  U1602/Y (INV_X4B_A9TH)                   0.03       1.11 r
  U1827/Y (XOR2_X4M_A9TH)                  0.04       1.15 r
  U2043/Y (XOR2_X4M_A9TH)                  0.06       1.21 r
  U1606/Y (XNOR2_X4M_A9TH)                 0.06       1.27 r
  U1605/Y (XOR2_X4M_A9TH)                  0.06       1.33 r
  U2024/Y (INV_X11M_A9TH)                  0.04       1.37 f
  U1504/Y (XOR2_X4M_A9TH)                  0.06       1.44 f
  U1502/Y (INV_X9M_A9TH)                   0.04       1.47 r
  U1741/Y (NOR2_X6A_A9TH)                  0.02       1.50 f
  U1734/Y (NOR2_X8A_A9TH)                  0.03       1.53 r
  U691/Y (NOR2_X6M_A9TH)                   0.03       1.56 f
  U1293/Y (NOR2_X6A_A9TH)                  0.03       1.59 r
  U1143/Y (NAND2_X6B_A9TH)                 0.03       1.62 f
  U1848/Y (NAND2_X8B_A9TH)                 0.04       1.66 r
  U1013/Y (NAND2_X8B_A9TH)                 0.02       1.69 f
  U672/Y (INV_X5M_A9TH)                    0.02       1.71 r
  U1794/Y (AOI21_X8M_A9TH)                 0.03       1.74 f
  U1755/Y (NAND2_X8B_A9TH)                 0.03       1.77 r
  U2120/Y (XOR2_X4M_A9TH)                  0.04       1.81 r
  U987/Y (INV_X9M_A9TH)                    0.04       1.84 f
  U2055/Y (INV_X3M_A9TH)                   0.03       1.87 r
  U2127/Y (NOR2_X4A_A9TH)                  0.02       1.89 f
  U2090/Y (NOR2_X6A_A9TH)                  0.05       1.94 r
  U896/Y (AO21A1AI2_X6M_A9TH)              0.05       2.00 f
  U1870/Y (AOI21_X8M_A9TH)                 0.04       2.04 r
  U1869/Y (MXIT2_X4M_A9TH)                 0.05       2.09 r
  U1498/Y (NAND2_X6B_A9TH)                 0.04       2.13 f
  U967/Y (INV_X13M_A9TH)                   0.03       2.16 r
  U1575/Y (NAND2_X8M_A9TH)                 0.02       2.18 f
  U1492/Y (NAND2_X8B_A9TH)                 0.03       2.21 r
  U1490/Y (XNOR2_X4M_A9TH)                 0.04       2.26 r
  U2100/Y (NAND2_X6M_A9TH)                 0.03       2.29 f
  U1974/Y (NAND2_X6M_A9TH)                 0.04       2.33 r
  U581/Y (NAND2_X6B_A9TH)                  0.03       2.37 f
  U1700/Y (INV_X6M_A9TH)                   0.02       2.39 r
  U982/Y (AOI21_X8M_A9TH)                  0.02       2.41 f
  U1780/Y (XOR2_X4M_A9TH)                  0.04       2.46 r
  U973/Y (MXIT2_X4M_A9TH)                  0.06       2.52 r
  U1729/Y (AND2_X8M_A9TH)                  0.05       2.57 r
  U551/Y (NAND2_X6B_A9TH)                  0.02       2.59 f
  U875/Y (NAND2_X6B_A9TH)                  0.02       2.61 r
  U1479/Y (XNOR2_X4M_A9TH)                 0.05       2.66 r
  U1496/Y (NOR2_X8A_A9TH)                  0.04       2.70 f
  U1471/Y (INV_X6M_A9TH)                   0.03       2.72 r
  U1045/Y (NAND2_X8B_A9TH)                 0.02       2.74 f
  U2077/Y (XNOR2_X4M_A9TH)                 0.04       2.79 f
  U1067/Y (INV_X9M_A9TH)                   0.04       2.82 r
  U525/Y (NAND2_X4M_A9TH)                  0.02       2.84 f
  U1476/Y (MXIT2_X4M_A9TH)                 0.04       2.89 r
  U877/Y (NAND2_X4B_A9TH)                  0.04       2.93 f
  U2135/Y (AO21B_X6M_A9TH)                 0.03       2.95 r
  U2148/Y (XOR2_X4M_A9TH)                  0.05       3.00 r
  U2140/Y (XOR2_X4M_A9TH)                  0.06       3.06 r
  U2092/Y (XOR2_X4M_A9TH)                  0.05       3.12 r
  U2087/Y (INV_X9M_A9TH)                   0.04       3.16 f
  U2084/Y (NAND2_X8B_A9TH)                 0.03       3.19 r
  U1653/Y (XNOR2_X4M_A9TH)                 0.05       3.23 r
  U848/Y (INV_X4M_A9TH)                    0.04       3.27 f
  U1046/Y (NAND2_X8B_A9TH)                 0.03       3.30 r
  U900/Y (NAND2_X8M_A9TH)                  0.02       3.31 f
  U1702/Y (XNOR2_X4M_A9TH)                 0.04       3.35 r
  U929/Y (NAND2_X6M_A9TH)                  0.04       3.39 f
  U1920/Y (XNOR2_X4M_A9TH)                 0.05       3.44 r
  U861/Y (BUFH_X3M_A9TH)                   0.06       3.50 r
  U857/Y (XOR2_X4M_A9TH)                   0.05       3.55 r
  U478/Y (INV_X4M_A9TH)                    0.04       3.59 f
  U925/Y (INV_X6M_A9TH)                    0.02       3.61 r
  U866/Y (OA21_X8M_A9TH)                   0.05       3.66 r
  U961/Y (XOR2_X4M_A9TH)                   0.04       3.70 r
  U960/Y (XOR2_X4M_A9TH)                   0.05       3.75 r
  U1044/Y (AND2_X11M_A9TH)                 0.06       3.81 r
  U473/Y (INV_X7P5M_A9TH)                  0.02       3.83 f
  U914/Y (NAND2_X8M_A9TH)                  0.03       3.85 r
  U1723/Y (NAND2_X6M_A9TH)                 0.02       3.87 f
  U1924/Y (XNOR2_X4M_A9TH)                 0.05       3.92 r
  U1897/Y (AND3_X4M_A9TH)                  0.08       4.00 r
  U850/Y (XNOR2_X4M_A9TH)                  0.05       4.05 r
  U913/Y (INV_X5M_A9TH)                    0.03       4.08 f
  U851/Y (NAND2_X4B_A9TH)                  0.03       4.12 r
  U1891/Y (NAND2_X3M_A9TH)                 0.03       4.14 f
  U2164/Y (XNOR2_X4M_A9TH)                 0.06       4.20 r
  cnt_o[5] (out)                           0.00       4.20 r
  data arrival time                                   4.20

  clock vclk (rise edge)                   2.50       2.50
  clock network delay (ideal)              0.00       2.50
  output external delay                   -0.50       2.00
  data required time                                  2.00
  -----------------------------------------------------------
  data required time                                  2.00
  data arrival time                                  -4.20
  -----------------------------------------------------------
  slack (VIOLATED)                                   -2.20


1
