 
****************************************
Report : timing
        -path full
        -delay max
        -max_paths 1
Design : popcount_impl_colcmp_INPUT_WIDTH64
Version: V-2023.12-SP3
Date   : Thu Aug 27 09:33:28 2026
****************************************

Operating Conditions: tt_nominal_max_1p00v_25c   Library: sc9_cmos28lp_base_hvt_tt_nominal_max_1p00v_25c
Wire Load Model Mode: top

  Startpoint: data_i[24] (input port clocked by vclk)
  Endpoint: cnt_o[5] (output port clocked by vclk)
  Path Group: vclk
  Path Type: max

  Des/Clust/Port     Wire Load Model       Library
  ------------------------------------------------
  popcount_impl_colcmp_INPUT_WIDTH64
                     Small                 sc9_cmos28lp_base_hvt_tt_nominal_max_1p00v_25c

  Point                                    Incr       Path
  -----------------------------------------------------------
  clock vclk (rise edge)                   0.00       0.00
  clock network delay (ideal)              0.00       0.00
  input external delay                     0.50       0.50 f
  data_i[24] (in)                          0.01       0.51 f
  U548/Y (NAND2_X2B_A9TH)                  0.03       0.55 r
  U1036/Y (NAND2_X4M_A9TH)                 0.03       0.57 f
  U1142/CO (ADDF_X2M_A9TH)                 0.11       0.69 f
  U1102/Y (XNOR2_X4M_A9TH)                 0.04       0.73 r
  U1066/Y (XNOR2_X4M_A9TH)                 0.05       0.78 r
  U866/Y (XNOR2_X4M_A9TH)                  0.07       0.85 r
  U1039/Y (XNOR2_X4M_A9TH)                 0.05       0.91 r
  U942/Y (XNOR2_X4M_A9TH)                  0.07       0.97 r
  U1045/Y (XNOR2_X4M_A9TH)                 0.06       1.03 r
  U981/Y (NAND2_X4M_A9TH)                  0.05       1.08 f
  U947/Y (OAI21_X8M_A9TH)                  0.04       1.12 r
  U945/Y (AOI21_X6M_A9TH)                  0.04       1.16 f
  U1213/Y (XOR2_X4M_A9TH)                  0.05       1.20 r
  U1222/Y (BUF_X16M_A9TH)                  0.07       1.27 r
  U938/Y (NAND2_X8M_A9TH)                  0.03       1.30 f
  U627/Y (OAI21_X8M_A9TH)                  0.04       1.35 r
  U626/Y (INV_X6M_A9TH)                    0.02       1.37 f
  U481/Y (NAND2_X4B_A9TH)                  0.02       1.39 r
  U587/Y (NAND2_X6B_A9TH)                  0.03       1.41 f
  U576/Y (INV_X9M_A9TH)                    0.02       1.44 r
  U1157/Y (NAND2_X8B_A9TH)                 0.02       1.46 f
  U591/Y (NOR2_X8M_A9TH)                   0.04       1.50 r
  U605/Y (NOR2_X8A_A9TH)                   0.02       1.52 f
  U622/Y (NAND2_X8B_A9TH)                  0.02       1.54 r
  U1180/Y (XOR2_X4M_A9TH)                  0.04       1.58 r
  U1190/Y (XOR2_X4M_A9TH)                  0.06       1.64 r
  U1189/Y (NAND2_X6M_A9TH)                 0.04       1.68 f
  U1164/Y (NAND2_X6B_A9TH)                 0.03       1.70 r
  U928/Y (NAND2_X6M_A9TH)                  0.02       1.72 f
  U1132/Y (OAI21_X8M_A9TH)                 0.03       1.76 r
  U1131/Y (XNOR2_X4M_A9TH)                 0.07       1.82 r
  U1182/Y (INV_X9M_A9TH)                   0.04       1.86 f
  U1188/Y (XNOR2_X4M_A9TH)                 0.04       1.90 r
  U1187/Y (MX2_X4B_A9TH)                   0.07       1.97 r
  U1127/Y (NAND2_X4B_A9TH)                 0.03       2.00 f
  U1124/Y (NAND2_X4B_A9TH)                 0.03       2.02 r
  U1057/Y (NAND2_X6B_A9TH)                 0.02       2.05 f
  U416/Y (INV_X5M_A9TH)                    0.02       2.07 r
  U1172/Y (AOI21_X8M_A9TH)                 0.02       2.09 f
  U654/Y (OAI21_X8M_A9TH)                  0.04       2.13 r
  U1173/Y (XNOR2_X4M_A9TH)                 0.05       2.18 r
  U642/Y (INV_X11M_A9TH)                   0.04       2.21 f
  U1130/Y (AOI22_X8M_A9TH)                 0.07       2.28 r
  U1086/Y (NAND2_X4M_A9TH)                 0.04       2.32 f
  U994/Y (OAI21_X8M_A9TH)                  0.05       2.37 r
  U993/Y (XNOR2_X4M_A9TH)                  0.08       2.45 r
  U924/Y (OAI21_X4M_A9TH)                  0.05       2.50 f
  U662/Y (OAI21_X8M_A9TH)                  0.03       2.53 r
  U852/Y (XNOR2_X4M_A9TH)                  0.07       2.60 r
  U905/Y (NAND2_X6M_A9TH)                  0.05       2.65 f
  U980/Y (NAND3_X6A_A9TH)                  0.04       2.69 r
  U863/Y (NAND2_X6B_A9TH)                  0.03       2.71 f
  U879/Y (XNOR2_X4M_A9TH)                  0.04       2.76 f
  U381/Y (INV_X3M_A9TH)                    0.04       2.79 r
  U884/Y (NAND2_X2B_A9TH)                  0.04       2.83 f
  U997/Y (INV_X1P4M_A9TH)                  0.06       2.89 r
  U619/Y (OAI21_X6M_A9TH)                  0.04       2.92 f
  U937/Y (NAND2_X4B_A9TH)                  0.03       2.96 r
  U621/Y (NAND2_X4B_A9TH)                  0.03       2.99 f
  U555/Y (NAND2_X8B_A9TH)                  0.03       3.02 r
  U1151/Y (AOI21_X8M_A9TH)                 0.03       3.05 f
  U995/Y (XNOR2_X4M_A9TH)                  0.06       3.11 r
  cnt_o[5] (out)                           0.00       3.11 r
  data arrival time                                   3.11

  clock vclk (rise edge)                   2.50       2.50
  clock network delay (ideal)              0.00       2.50
  output external delay                   -0.50       2.00
  data required time                                  2.00
  -----------------------------------------------------------
  data required time                                  2.00
  data arrival time                                  -3.11
  -----------------------------------------------------------
  slack (VIOLATED)                                   -1.11


1
