 
****************************************
Report : area
Design : popcount_impl_colcmp_INPUT_WIDTH128
Version: V-2023.12-SP3
Date   : Thu Aug 27 09:43:27 2026
****************************************

Information: Updating design information... (UID-85)
Library(s) Used:

    sc9_cmos28lp_base_hvt_tt_nominal_max_1p00v_25c (File: /home/eda/pdk/CMOS28NM/extracted/GF21LB004-FB-00000-r5p0-03rel0/arm/cp/cmos28lp/sc9_base_hvt/r5p0/db/sc9_cmos28lp_base_hvt_tt_nominal_max_1p00v_25c.db)

Number of ports:                          136
Number of nets:                          1894
Number of cells:                         1753
Number of combinational cells:           1753
Number of sequential cells:                 0
Number of macros/black boxes:               0
Number of buf/inv:                        390
Number of references:                     176

Combinational area:               2551.301982
Buf/Inv area:                      293.786999
Noncombinational area:               0.000000
Macro/Black Box area:                0.000000
Net Interconnect area:               0.000000

Total cell area:                  2551.301982
Total area:                       2551.301982
1
