 
****************************************
Report : timing
        -path full
        -delay max
        -max_paths 1
Design : popcount_impl_dadda_INPUT_WIDTH64
Version: V-2023.12-SP3
Date   : Thu Aug 27 09:43:39 2026
****************************************

Operating Conditions: tt_nominal_max_1p00v_25c   Library: sc9_cmos28lp_base_hvt_tt_nominal_max_1p00v_25c
Wire Load Model Mode: top

  Startpoint: data_i[8] (input port clocked by vclk)
  Endpoint: cnt_o[4] (output port clocked by vclk)
  Path Group: vclk
  Path Type: max

  Des/Clust/Port     Wire Load Model       Library
  ------------------------------------------------
  popcount_impl_dadda_INPUT_WIDTH64
                     Small                 sc9_cmos28lp_base_hvt_tt_nominal_max_1p00v_25c

  Point                                    Incr       Path
  -----------------------------------------------------------
  clock vclk (rise edge)                   0.00       0.00
  clock network delay (ideal)              0.00       0.00
  input external delay                     0.50       0.50 r
  data_i[8] (in)                           0.01       0.51 r
  U97/Y (XNOR2_X3M_A9TH)                   0.06       0.57 r
  U160/Y (XNOR2_X4M_A9TH)                  0.06       0.62 r
  U182/Y (XNOR2_X4M_A9TH)                  0.05       0.68 r
  U183/Y (XNOR2_X4M_A9TH)                  0.05       0.73 r
  U184/Y (XNOR2_X4M_A9TH)                  0.06       0.79 r
  U202/CO (CGEN_X2M_A9TH)                  0.09       0.87 r
  U203/Y (NOR2_X4A_A9TH)                   0.02       0.90 f
  U204/Y (INV_X2M_A9TH)                    0.03       0.92 r
  U87/Y (NAND2_X3B_A9TH)                   0.03       0.95 f
  U207/Y (XNOR2_X4M_A9TH)                  0.04       0.99 f
  U208/Y (INV_X4M_A9TH)                    0.03       1.02 r
  U127/Y (NAND2_X4B_A9TH)                  0.02       1.05 f
  U214/Y (NAND2_X4B_A9TH)                  0.03       1.07 r
  U216/Y (XNOR2_X4M_A9TH)                  0.04       1.11 r
  U217/Y (XNOR2_X4M_A9TH)                  0.07       1.18 r
  U163/Y (NOR2_X4A_A9TH)                   0.04       1.22 f
  U111/Y (INV_X2M_A9TH)                    0.03       1.24 r
  U110/Y (NAND2_X3B_A9TH)                  0.03       1.27 f
  U228/Y (XOR2_X4M_A9TH)                   0.04       1.31 f
  U229/Y (NOR2_X4A_A9TH)                   0.04       1.36 r
  U79/Y (INV_X2M_A9TH)                     0.03       1.38 f
  U125/Y (NAND2_X3B_A9TH)                  0.03       1.41 r
  U241/Y (XNOR2_X4M_A9TH)                  0.04       1.45 r
  U243/Y (OR2_X3M_A9TH)                    0.06       1.51 r
  U123/Y (NAND2_X2B_A9TH)                  0.03       1.54 f
  U247/Y (XNOR2_X4M_A9TH)                  0.04       1.59 f
  U249/Y (OR2_X3M_A9TH)                    0.06       1.65 f
  U140/Y (AOI21_X3M_A9TH)                  0.06       1.71 r
  U155/Y (OAI21_X4M_A9TH)                  0.06       1.77 f
  U153/Y (AOI21_X3M_A9TH)                  0.06       1.83 r
  U263/Y (XOR2_X4M_A9TH)                   0.06       1.89 r
  U120/Y (NAND2_X6B_A9TH)                  0.05       1.93 f
  U146/Y (OA21_X4M_A9TH)                   0.06       2.00 f
  cnt_o[4] (out)                           0.00       2.00 f
  data arrival time                                   2.00

  clock vclk (rise edge)                   2.50       2.50
  clock network delay (ideal)              0.00       2.50
  output external delay                   -0.50       2.00
  data required time                                  2.00
  -----------------------------------------------------------
  data required time                                  2.00
  data arrival time                                  -2.00
  -----------------------------------------------------------
  slack (MET)                                         0.00


1
