 
****************************************
Report : area
Design : popcount_impl_dadda_INPUT_WIDTH64
Version: V-2023.12-SP3
Date   : Thu Aug 27 09:43:39 2026
****************************************

Information: Updating design information... (UID-85)
Library(s) Used:

    sc9_cmos28lp_base_hvt_tt_nominal_max_1p00v_25c (File: /home/eda/pdk/CMOS28NM/extracted/GF21LB004-FB-00000-r5p0-03rel0/arm/cp/cmos28lp/sc9_base_hvt/r5p0/db/sc9_cmos28lp_base_hvt_tt_nominal_max_1p00v_25c.db)

Number of ports:                           71
Number of nets:                           286
Number of cells:                          212
Number of combinational cells:            212
Number of sequential cells:                 0
Number of macros/black boxes:               0
Number of buf/inv:                         23
Number of references:                      58

Combinational area:                271.205998
Buf/Inv area:                        9.945000
Noncombinational area:               0.000000
Macro/Black Box area:                0.000000
Net Interconnect area:               0.000000

Total cell area:                   271.205998
Total area:                        271.205998
1
